Nothing to build in platform 'lab04_platform'

10:43:21 **** Incremental Build of configuration Debug for project hello_world ****
make all 
Building file: ../src/helloworld.c
Invoking: ARM v8 gcc compiler
aarch64-none-elf-gcc -Wall -O0 -g3 -c -fmessage-length=0 -MT"src/helloworld.o" -I/home/sergi/Desktop/zynq_essencial/lab04/lab04_vitis/lab04_platform/export/lab04_platform/sw/lab04_platform/standalone_domain/bspinclude/include -MMD -MP -MF"src/helloworld.d" -MT"src/helloworld.o" -o "src/helloworld.o" "../src/helloworld.c"
Finished building: ../src/helloworld.c
 
Building target: hello_world.elf
Invoking: ARM v8 gcc linker
aarch64-none-elf-gcc -Wl,-T -Wl,../src/lscript.ld -L/home/sergi/Desktop/zynq_essencial/lab04/lab04_vitis/lab04_platform/export/lab04_platform/sw/lab04_platform/standalone_domain/bsplib/lib -o "hello_world.elf" ./src/helloworld.o ./src/platform.o   -Wl,--start-group,-lxil,-lgcc,-lc,--end-group -Wl,--start-group,-lxiltimer,-lxil,-lgcc,-lc,--end-group
Finished building target: hello_world.elf
 
Invoking: ARM v8 Print Size
aarch64-none-elf-size hello_world.elf  |tee "hello_world.elf.size"
   text	   data	    bss	    dec	    hex	filename
  30332	   2048	  20636	  53016	   cf18	hello_world.elf
Finished building: hello_world.elf.size
 
10:43:22 **** Incremental Build of configuration Debug for project hello_world_system ****
make all 
Generating bif file for the system project
Executing command '::scw::generate_bif -xpfm /home/sergi/Desktop/zynq_essencial/lab04/lab04_vitis/lab04_platform/export/lab04_platform/lab04_platform.xpfm -domains standalone_domain -bifpath /home/sergi/Desktop/zynq_essencial/lab04/lab04_vitis/hello_world_system/Debug/system.bif' on XSCT
sdcard_gen --xpfm /home/sergi/Desktop/zynq_essencial/lab04/lab04_vitis/lab04_platform/export/lab04_platform/lab04_platform.xpfm --sys_config lab04_platform --bif /home/sergi/Desktop/zynq_essencial/lab04/lab04_vitis/hello_world_system/Debug/system.bif --bitstream /home/sergi/Desktop/zynq_essencial/lab04/lab04_vitis/hello_world/_ide/bitstream/lab03_vivado_bd_wrapper.bit --elf /home/sergi/Desktop/zynq_essencial/lab04/lab04_vitis/hello_world/Debug/hello_world.elf,psu_cortexa53_0
creating BOOT.BIN using /home/sergi/Desktop/zynq_essencial/lab04/lab04_vitis/hello_world/_ide/bitstream/lab03_vivado_bd_wrapper.bit
Running /tools/Xilinx/Vitis/2022.2/bin/bootgen -arch zynqmp -image /home/sergi/Desktop/zynq_essencial/lab04/lab04_vitis/hello_world_system/Debug/sd_card_temp/boot.bif -w -o i BOOT.BIN
