12:09:05 **** Incremental Build of configuration Debug for project hellow_world ****
make all 
Building file: ../src/helloworld.c
Invoking: ARM v8 gcc compiler
aarch64-none-elf-gcc -Wall -O0 -g3 -c -fmessage-length=0 -MT"src/helloworld.o" -I/home/sergi/Desktop/zynq_esencial/lab05/lab05vitis/lab05_platform/export/lab05_platform/sw/lab05_platform/standalone_domain/bspinclude/include -MMD -MP -MF"src/helloworld.d" -MT"src/helloworld.o" -o "src/helloworld.o" "../src/helloworld.c"
Finished building: ../src/helloworld.c
 
Building target: hellow_world.elf
Invoking: ARM v8 gcc linker
aarch64-none-elf-gcc -Wl,-T -Wl,../src/lscript.ld -L/home/sergi/Desktop/zynq_esencial/lab05/lab05vitis/lab05_platform/export/lab05_platform/sw/lab05_platform/standalone_domain/bsplib/lib -o "hellow_world.elf" ./src/helloworld.o ./src/platform.o   -Wl,--start-group,-lxil,-lgcc,-lc,--end-group
Finished building target: hellow_world.elf
 
Invoking: ARM v8 Print Size
aarch64-none-elf-size hellow_world.elf  |tee "hellow_world.elf.size"
   text	   data	    bss	    dec	    hex	filename
  30332	   2048	  20636	  53016	   cf18	hellow_world.elf
Finished building: hellow_world.elf.size
 

12:09:05 Build Finished (took 220ms)

